// Jest Snapshot v1, https://goo.gl/fbAQLP

exports[`ItemList.vue renders correctly 1`] = `
<div class="item-list-view">
  <div class="item-list-nav">
    <a class="disabled">&lt; prev</a> <span>1/1</span>
    <a class="disabled">more &gt;</a>
  </div>
  <div class="item-list"></div>
</div>
`;
